2026-01-27 01:08:44 [main] INFO  o.s.t.c.s.AnnotationConfigContextLoaderUtils - Could not detect default configuration classes for test class [com.mrbarin.ai.generated.tweet.to.kafka.service.AIGeneratedTweetToKafkaApplicationTest]: AIGeneratedTweetToKafkaApplicationTest does not declare any static, non-private, non-final, nested classes annotated with @Configuration.
2026-01-27 01:08:44 [main] INFO  o.s.b.t.c.SpringBootTestContextBootstrapper - Found @SpringBootConfiguration com.mrbarin.ai.generated.tweet.to.kafka.service.AIGeneratedTweetToKafkaApplication for test class com.mrbarin.ai.generated.tweet.to.kafka.service.AIGeneratedTweetToKafkaApplicationTest
2026-01-27 01:08:45 [main] INFO  c.m.a.g.t.t.k.s.AIGeneratedTweetToKafkaApplicationTest - Starting AIGeneratedTweetToKafkaApplicationTest using Java 25.0.2 with PID 33275 (started by mrbarin98 in /Users/mrbarin98/Documents/code/Jaba/kafka-with-spring-ai/ai-generated-tweet-to-kafka-service)
2026-01-27 01:08:45 [main] INFO  c.m.a.g.t.t.k.s.AIGeneratedTweetToKafkaApplicationTest - No active profile set, falling back to 1 default profile: "default"
2026-01-27 01:08:45 [main] INFO  c.m.a.g.t.t.k.s.AIGeneratedTweetToKafkaApplicationTest - Started AIGeneratedTweetToKafkaApplicationTest in 0.56 seconds (process running for 1.064)
2026-01-27 01:08:45 [main] INFO  c.m.a.g.t.t.k.s.AIGeneratedTweetToKafkaApplication - Application starting....
2026-01-27 01:08:45 [main] INFO  c.m.a.g.t.t.k.s.AIGeneratedTweetToKafkaApplication - AI Stream Runner init
2026-01-27 01:08:48 [scheduling-1] INFO  c.m.a.g.t.t.k.s.r.AIStreamRunner - AiService: {"createdAt":"Fri Oct 06 14:32:25 UTC 2023","id":1234567890123,"text":"The study of Reimann Manifolds is crucial for understanding the properties of Holonomy Groups in AI systems.","user":{"id":9876543210987}}
2026-01-27 01:54:39 [main] INFO  o.s.t.c.s.AnnotationConfigContextLoaderUtils - Could not detect default configuration classes for test class [com.mrbarin.ai.generated.tweet.to.kafka.service.AIGeneratedTweetToKafkaApplicationTest]: AIGeneratedTweetToKafkaApplicationTest does not declare any static, non-private, non-final, nested classes annotated with @Configuration.
2026-01-27 01:54:39 [main] INFO  o.s.b.t.c.SpringBootTestContextBootstrapper - Found @SpringBootConfiguration com.mrbarin.ai.generated.tweet.to.kafka.service.AIGeneratedTweetToKafkaApplication for test class com.mrbarin.ai.generated.tweet.to.kafka.service.AIGeneratedTweetToKafkaApplicationTest
2026-01-27 01:54:39 [main] INFO  c.m.a.g.t.t.k.s.AIGeneratedTweetToKafkaApplicationTest - Starting AIGeneratedTweetToKafkaApplicationTest using Java 25.0.2 with PID 34515 (started by mrbarin98 in /Users/mrbarin98/Documents/code/Jaba/kafka-with-spring-ai/ai-generated-tweet-to-kafka-service)
2026-01-27 01:54:39 [main] INFO  c.m.a.g.t.t.k.s.AIGeneratedTweetToKafkaApplicationTest - No active profile set, falling back to 1 default profile: "default"
2026-01-27 01:54:39 [main] INFO  c.m.a.g.t.t.k.s.AIGeneratedTweetToKafkaApplicationTest - Started AIGeneratedTweetToKafkaApplicationTest in 0.752 seconds (process running for 1.274)
2026-01-27 01:54:39 [main] INFO  c.m.a.g.t.t.k.s.AIGeneratedTweetToKafkaApplication - Application starting....
2026-01-27 01:54:39 [main] INFO  c.m.a.g.t.t.k.s.AIGeneratedTweetToKafkaApplication - AI Stream Runner init
2026-01-27 01:54:39 [scheduling-1] INFO  c.m.a.g.t.t.k.s.s.g.GoogleGenAIService - Generating tweet content with GoogleGenAIService
2026-01-27 01:54:40 [scheduling-1] ERROR o.s.s.s.TaskUtils$LoggingErrorHandler - Unexpected error occurred in scheduled task
com.google.genai.errors.ClientException: 403 . Vertex AI API has not been used in project kafka-with-ai-485607 before or it is disabled. Enable it by visiting https://console.developers.google.com/apis/api/aiplatform.googleapis.com/overview?project=kafka-with-ai-485607 then retry. If you enabled this API recently, wait a few minutes for the action to propagate to our systems and retry.
	at com.google.genai.errors.ApiException.throwFromResponse(ApiException.java:94)
	at com.google.genai.HttpApiResponse.getBody(HttpApiResponse.java:37)
	at com.google.genai.Models.processResponseForPrivateGenerateContent(Models.java:4909)
	at com.google.genai.Models.privateGenerateContent(Models.java:4963)
	at com.google.genai.Models.generateContent(Models.java:6291)
	at com.google.genai.Models.generateContent(Models.java:6365)
	at com.mrbarin.ai.generated.tweet.to.kafka.service.service.googlegenai.GoogleGenAIService.getPromptResponse(GoogleGenAIService.java:55)
	at com.mrbarin.ai.generated.tweet.to.kafka.service.service.googlegenai.GoogleGenAIService.generateTweet(GoogleGenAIService.java:44)
	at com.mrbarin.ai.generated.tweet.to.kafka.service.runner.AIStreamRunner.run(AIStreamRunner.java:19)
	at org.springframework.scheduling.support.DelegatingErrorHandlingRunnable.run(DelegatingErrorHandlingRunnable.java:54)
	at java.base/java.util.concurrent.Executors$RunnableAdapter.call(Executors.java:545)
	at java.base/java.util.concurrent.FutureTask.runAndReset(FutureTask.java:369)
	at java.base/java.util.concurrent.ScheduledThreadPoolExecutor$ScheduledFutureTask.run(ScheduledThreadPoolExecutor.java:310)
	at java.base/java.util.concurrent.ThreadPoolExecutor.runWorker(ThreadPoolExecutor.java:1090)
	at java.base/java.util.concurrent.ThreadPoolExecutor$Worker.run(ThreadPoolExecutor.java:614)
	at java.base/java.lang.Thread.run(Thread.java:1474)
